client,available,held,total,locked
1,1,0.0,1,false
2,4,-5,-1,true
3,4,0.0,4,false
