client,available,held,total,locked
1,1,0.0,1,false
2,2,0.0,2,false